{
  "valid": true,
  "source106": {
    ".gitignore": {
      "sha256": "dbb2a048a1382d05c0fff8c37e5171ccffe22a62f3dd0e7178614eb6b0ab417c",
      "git_blob_sha1": "c9f04e1c685fa634c07b68d1b4ea7caa0c3f3375"
    },
    "LICENSE": {
      "sha256": "978f269a2eb2fd979c3e2354c0dd4070c5e759f6158b1e2f4db49f7b595d8dc3",
      "git_blob_sha1": "4624997162d52e00c5adcee7ab198d492426589c"
    },
    "NOTICE.md": {
      "sha256": "e4ce8f54c02bd6b8a075437c97cb71888f2705238881a050bb46163ba8d80bd2",
      "git_blob_sha1": "96ef55b37ef30f19d2af0d86ceed97948d504bff"
    },
    "README.md": {
      "sha256": "d20672808de62ec7025c4812e2bb8b9fa6769514268ec0bb4088cb823511b6ff",
      "git_blob_sha1": "10222367499b5f5c3b8b9d9451b20d6ef66ec3f9"
    },
    "docs/c7_development_status.ko.md": {
      "sha256": "5d80600ed67baf1ef421fab691b692348d552c57bcb1f27bb7e6b4aa225c12b7",
      "git_blob_sha1": "37abcb3cd66b87dd3c44e543eddc5324b4c27057"
    },
    "docs/common_semantic_contract_c7.ko.md": {
      "sha256": "bd07913d7637ac67955df98f1415995fbc798f5bec07e346b027ada303557f06",
      "git_blob_sha1": "dab2be9e2542ac5fd5570ba4841054525ffba974"
    },
    "docs/historical_semantic_resources.md": {
      "sha256": "3d27fdb43aab00352824511d54d072f004813376b839e01b39b9d591814891ed",
      "git_blob_sha1": "ee38b397fd8cdb56aecb87c192d47f818c0cd995"
    },
    "docs/literature-contract-c6.ko.md": {
      "sha256": "2b043a9ca1bfb69402da38a3248c65485078dcc8356f6020d0305b3171e542ea",
      "git_blob_sha1": "b940352a17afd5454855f0484654ec963ff7b41b"
    },
    "docs/resume_cursor_design.md": {
      "sha256": "7c84806fa717ef35f2da9f0afd6bd8df5beef8a70c305566c8c8720931566c23",
      "git_blob_sha1": "12093f4d78a833e2511be634231fce174286ac94"
    },
    "docs/sampled-evaluation-c6.ko.md": {
      "sha256": "c47e20b929c41474ba995547cd523d6a0145ba05c82986d75acdb2e213304ced",
      "git_blob_sha1": "db2deda0c63ed02e9eee7fb63fad853f358ee205"
    },
    "docs/sources.md": {
      "sha256": "c610f80668065e0306bb9c924068c41ed072517a3aac74e151a34619fca96058",
      "git_blob_sha1": "b43117c9c7c759e5f9975e8f560f4c4ef9e36875"
    },
    "docs/upstream-source-contract-c6.ko.md": {
      "sha256": "56454804d9e03b04eb400fa8167487a711b4f1822d7abe6950031b8b2b422e0d",
      "git_blob_sha1": "e0429c47a73a4113242bac6b71934ad7495a2028"
    },
    "docs/v5_semantic_gate.md": {
      "sha256": "bbd5a24ebcf975b0bc2cafea01a0e4e0c474cfb8b42ec952541131f59cc232df",
      "git_blob_sha1": "682fd0021597a108107da2e1ef1f9141bf10beaa"
    },
    "evidence_research/__init__.py": {
      "sha256": "49cf38d4903fc1248d89127b76c7d27985a1cda9c57ed0e16ecab489cfd4c7cf",
      "git_blob_sha1": "1393fa2279df43aeb4fb3759f6f161f4a00551f3"
    },
    "evidence_research/__main__.py": {
      "sha256": "935a1c1166b0c1ea35a82256345000bf2c73ded718d77773bc27a71ecce28f7d",
      "git_blob_sha1": "eb53e2f31b2f703ad32ef64b8a41faa3e7d18e08"
    },
    "evidence_research/arms.py": {
      "sha256": "9d508d83163156aaca411ea5d1880c7e8a7fb69a6b7d72c22941c48e863ed3e1",
      "git_blob_sha1": "afe47f40f782fff7f18c79b5ad29a9b8195d222f"
    },
    "evidence_research/baseline.py": {
      "sha256": "5758651d13749705e75d3cbd3f509c01e4d246e154ee99f969b8aeefab74cde0",
      "git_blob_sha1": "50a2b428f1fe0b35561501c17bc31a10b3e69c09"
    },
    "evidence_research/cli.py": {
      "sha256": "fe0d387c70040b597a376d05bdda4ffb07e8e900c2485976a2da9b168cdd0a22",
      "git_blob_sha1": "e3b3a1fcc6eaa27556272791190be70a904df316"
    },
    "evidence_research/comparison_arms.py": {
      "sha256": "47f8bfe5647ba23a611f75027c5365b0bb6867edc06ef3959daa7172edd3408f",
      "git_blob_sha1": "3ce78e964d61aafbd0d20addd88aca1413689545"
    },
    "evidence_research/context_boundary.py": {
      "sha256": "a1b7e949deaefbc39651d0937bb494d6ab4052deacb762186833b7397e6f6e27",
      "git_blob_sha1": "ee184329b6434ec787b1d447ab0ff2f922e65cd2"
    },
    "evidence_research/engine.py": {
      "sha256": "7b141d3fdbb6354b057c947fd7faeb47a4740b03659c8812c469eac28ff19851",
      "git_blob_sha1": "e975b31504c88ea8071a72bf86c0fb270ed2713e"
    },
    "evidence_research/evaluation.py": {
      "sha256": "3dd8b5c96f02a431b2e507798bd8b4072f292c90574c261aee28df5fb54781d1",
      "git_blob_sha1": "621081dd7b2ab1d53644156b0c5403ae8e4ab44b"
    },
    "evidence_research/model.py": {
      "sha256": "21a4b73168428ad4795db55d6c95c2d7f3f2e7c44e0d9bc80fbc9e6a5e8a8131",
      "git_blob_sha1": "aa2112477227673be6a5a690f4d96a6c3a9ffcb9"
    },
    "evidence_research/model_attempt_audit.py": {
      "sha256": "3d46151d4388b25373e5c9c6518be49279306484900515cbe69f281824aedee8",
      "git_blob_sha1": "aa47448d84452b9aec1ee952fdc953b475b48ff7"
    },
    "evidence_research/model_request_audit.py": {
      "sha256": "25eafd1f0d85be77997f0bb2de07f9f9a8f229a17e19a95b661c79e917b0ce12",
      "git_blob_sha1": "a0c5513417e19d7d90f0e68d22a015276493a696"
    },
    "evidence_research/proposer.py": {
      "sha256": "3363c3236ed975174aa22f187a634014e0e86c904926f448bd64ab24e76d14a4",
      "git_blob_sha1": "fd9dcd377b37a72cbfd5eb8cac2dc4dde048b2a1"
    },
    "evidence_research/report_contract.py": {
      "sha256": "71cb6fd95b65148b796ed7c491a1b0c958e435df3e73dc4018c587ef87ee144c",
      "git_blob_sha1": "6068a3b599621e8f3a41fee929be334d9924dfa3"
    },
    "evidence_research/report_semantics.py": {
      "sha256": "bcfb3dc95facb0eeaec52ee5587c512a654a0aebc2316ff9f4ef98c53b06e529",
      "git_blob_sha1": "9b7732957dae8d1cf448f970b9ea131ecba538f0"
    },
    "evidence_research/selection.py": {
      "sha256": "163905588a7f9089b953d4b5ab01589dd97c47fc94be716c84f75873a20cd2a4",
      "git_blob_sha1": "7fd88e94d1881710b4a9f924ebd56f57540afd68"
    },
    "evidence_research/store.py": {
      "sha256": "d9a5df829170a9e58285bbcda4d12f6c753968e95f0148a5f28f20db0d891ee6",
      "git_blob_sha1": "53795a60181a7379f646748d42eeee9c89f1b63e"
    },
    "evidence_research/study.py": {
      "sha256": "127c4fb4750b21bb32306c9eb462e39ea30409878dd814fbd1a00477dd5f155b",
      "git_blob_sha1": "fb49f146822f85fe9ed54773556cf2a33dfb6903"
    },
    "evidence_research/tasks.py": {
      "sha256": "f7b56e070b70c3a2f5222701b61152a82a29d4f54da2493f65af10bad936c04a",
      "git_blob_sha1": "2efb36faa45adab4a33f3084cf974e40dd989aae"
    },
    "evidence_research/verifier.py": {
      "sha256": "bd7927c7a109b1f0daedcad32d0a0437a93e1e3ba6b049890f7886f0f5476a05",
      "git_blob_sha1": "bc943e88299e6a3986c738b5714de6472ccfa7e0"
    },
    "examples/literature-protocol-c6.json": {
      "sha256": "e9eabfceff0d4868a98db9a73c27dc92dd8ae1f88b4fd32bd7385cafba85ee4e",
      "git_blob_sha1": "e3d59b14f678022356eebd7fb8353cfc03f438de"
    },
    "examples/sampled-pilot-base-c7.json": {
      "sha256": "b0a263e9ec88df5a334c84e2d5df2937ff0c004749637edd61f06279d9a33748",
      "git_blob_sha1": "b6c9097a1d5fc667c4fee854081665df29c3469b"
    },
    "pyproject.toml": {
      "sha256": "d011516d4d8e1abe8789815833e6f94205a4c755bcb4fef6f60e30908bd9c39e",
      "git_blob_sha1": "74e77d35d321befc061197ad7fa7dcf4626b9baf"
    },
    "references/AgentLaboratory.LICENSE": {
      "sha256": "bf38a159d01e82d58f986c2d6dd06e03ba0b9cd59a6d286dd94109aac358e583",
      "git_blob_sha1": "23833fbb71c3d7c70fe04ea0b1c5deca35af2da4"
    },
    "references/README.md": {
      "sha256": "3df1248b02437be4ec864c4127016779dc2ddf08b8b46006fae8341f26803f80",
      "git_blob_sha1": "b132747910550e57ac7b495be9993e3b40a4b4a2"
    },
    "references/manifest.json": {
      "sha256": "2b02fc8f6d2fef3f46758cb2e6855686371c94ac055298badf7d2f8970c3587f",
      "git_blob_sha1": "c6c587c4f316e2e3a59cebdb831070badd9790d9"
    },
    "references/source_facts_c7.json": {
      "sha256": "54217c18c38a544c9ee1094eb772170914d3f0277f9ba88ffd4192d236344907",
      "git_blob_sha1": "8e6bd604aa4b12d1b988a21f3cdef033811d4451"
    },
    "references/task_literature_v2.json": {
      "sha256": "64d0f27c0faae3d18fb4a57e24de80c2612ee0785936ddfa79f754aa91c6e5c9",
      "git_blob_sha1": "2daa1932259c4bb72357486cba4a10be4d281d10"
    },
    "scripts/core_validation.py": {
      "sha256": "cc3d0c5c8a06b7f0b569ad805c1bec149a982399592b5197e18c67de519b9cc9",
      "git_blob_sha1": "1bbe4422bdc45c8096038b75248288d65184fc83"
    },
    "scripts/fetch_upstream.py": {
      "sha256": "212e2473261f84cda2f880f41f89e24308901932559add5999510c8e0dec5531",
      "git_blob_sha1": "a5896a339f54bc508bf4ee27c419aa0cbd72fe79"
    },
    "scripts/install_validation.py": {
      "sha256": "28d9e9667479299e8e7286496f1a7ea936f0d1846dc6f935a8292401d881ab81",
      "git_blob_sha1": "dffec0762db2b3fd7e911db756f25e627a31aab9"
    },
    "scripts/memory_ablation.py": {
      "sha256": "c2cd9036ba66f2e004461df3131ab93cb1ae395c74307a10aff7fa7a149978be",
      "git_blob_sha1": "ebef16e1a1c5b5a2cb423a564700c8156f99f7fe"
    },
    "scripts/release_check.py": {
      "sha256": "bf93b957fb077965050be0bf44f1f49511d90be20d96534f25854d4a88d9a9f7",
      "git_blob_sha1": "935a95762a025fe88d103e6cf60cd0e9e93b5c93"
    },
    "tests/test_baseline_transport_integration.py": {
      "sha256": "258a290b10c41a4fc8c71ec9ab37aef45c4ad36e4cfb9a1aa55a328c7b025c18",
      "git_blob_sha1": "7aeea5bffc52a1efe5e424a15d48c2d702c642da"
    },
    "tests/test_budget_callback_audit.py": {
      "sha256": "9bf79678897aa3ffe02db5f4a68b90f3b6affc5b6b4ef94ec6f2b9c22e0995b3",
      "git_blob_sha1": "5d02c9a8e5122c784755c527f7835ed338016c7b"
    },
    "tests/test_budget_failure.py": {
      "sha256": "431590d8b3b234d614966b7a16058cdc0b919ed04af34bea69bf9b4b71df9d28",
      "git_blob_sha1": "43342e3a717b4ee0cb65638fac48308ecdd75eb6"
    },
    "tests/test_checkpoint_replay.py": {
      "sha256": "4307f07f49559e3f26ef9519236aed3a78c53d68eaeaaff98a7a175bb989f2a4",
      "git_blob_sha1": "ecc6620808307d48fba8082713c4333b47080031"
    },
    "tests/test_common_semantics.py": {
      "sha256": "270a060b8c880bfab3c9897e268aa2ff0b37c0cc4bcc7cb0e879722a111f2bfa",
      "git_blob_sha1": "dd8795f5d85beea273f5f7ad5957074c64e6e89b"
    },
    "tests/test_comparison_arms.py": {
      "sha256": "50b43ddce3c47577c00020a2bb3ab321c81a8a489abc3b0b489725386c3e2b0c",
      "git_blob_sha1": "56a693ba540ba07818956b4859a973704b43c6a6"
    },
    "tests/test_context_boundaries.py": {
      "sha256": "ca03f2db905b48256315bd46f269dcb6de61604a59d808614c7af2f2922164f4",
      "git_blob_sha1": "dd8bb75503abd293b947d1f9355de067a417f082"
    },
    "tests/test_context_compaction.py": {
      "sha256": "b26a67c6e9a10416cef769a5559a55f1f09b9bc7966aef035147b8b205449722",
      "git_blob_sha1": "d11874e936081a20bf7bfaa6df788971677a7017"
    },
    "tests/test_core.py": {
      "sha256": "b689a3a36cd3bf17518a5e0c2266c32ddbff211e4a0e3aa0fe8399f4879e64a0",
      "git_blob_sha1": "dec46bbc0050ad030d80211e68cc256daf66a24c"
    },
    "tests/test_evaluation.py": {
      "sha256": "2bba0c30965c32617608f7353bd2524ea3102f84facb7bef7bf98211633e090f",
      "git_blob_sha1": "3a8e2b32a92c7dec86ca1175675beb440befee37"
    },
    "tests/test_historical_semantics.py": {
      "sha256": "ebaab811e2a79f44c367676c0c7032d54b54b15f5517ab8fdb44427a11a56eab",
      "git_blob_sha1": "781651a6c54b60de8a8bba8aa1aa1a49e34f590e"
    },
    "tests/test_interrupted_snapshot.py": {
      "sha256": "553cd5538f606e4f4ad2c7fcaf0a0623e3c6ee5fe9d96cf3c0ce47acbd832949",
      "git_blob_sha1": "860ebb7625a0c6fd1e9dfbcd025ccdf019a317fa"
    },
    "tests/test_literature_integrity_policy_c6.py": {
      "sha256": "1278309940ae46d974f5cd6d5a826690dfe66189b42a5f99368440f7efd53574",
      "git_blob_sha1": "ec75ccea43ea5ecd595b31269e398b92c62d74ca"
    },
    "tests/test_memory_ablation.py": {
      "sha256": "6680dfba4bd8a397e508b97d44dc3e5734883af160c3471267a21579a9f39079",
      "git_blob_sha1": "7f774da0bc354897a5c17d1db34fa79350f808ba"
    },
    "tests/test_model.py": {
      "sha256": "c558966a35f43c9e5c8bf9159b389c783abf8fe08f0c304e5e856925a3756a7c",
      "git_blob_sha1": "8fd7e75edaa64c971d06e9b8124eb00a239543ae"
    },
    "tests/test_model_attempt_audit.py": {
      "sha256": "f506caec0b49cfcad787ac9fe4c74ff35fc4c755bb8a1877c7be5ad26a2af1d3",
      "git_blob_sha1": "0c521bb63acce6dae1533d5c674850fc261abc7d"
    },
    "tests/test_model_request_audit.py": {
      "sha256": "fa538e3e9195f5d3368a91cbb025053b2278a3645b2a3e3a64e7248e411e0604",
      "git_blob_sha1": "7d341347f44ab034f1e0c4d5348e89af802a14ef"
    },
    "tests/test_pilot_literature_receipt.py": {
      "sha256": "8b4701292a44087baaa23fac129d8559256e119d4d18cb2d37e63a297cb8a1f6",
      "git_blob_sha1": "77be575bfab4e3667b7e54462292adf91419eadc"
    },
    "tests/test_pinned_upstream_sources_c6.py": {
      "sha256": "41183b3ed723c4db8730293741b00ea0cc047ca66d14285a26192fde3a5fbc2f",
      "git_blob_sha1": "4f56df466dd5f5c53ed9cca11fdeb41265b97486"
    },
    "tests/test_report_contract.py": {
      "sha256": "6e80b9572c0ced7e7ab25a7f1252e559e029a51338d1c74b46b9274bf2ce3967",
      "git_blob_sha1": "90dc473b49d5bcb6b4d5c09e3ea8201b256dcef6"
    },
    "tests/test_report_semantics.py": {
      "sha256": "e44ce510744e8b2d33c75ab1fff359b75a519c0e408e542327f0f97feffecbde",
      "git_blob_sha1": "f0aafde538e909781db4283d5ed27ff4a94df92d"
    },
    "tests/test_review_audit.py": {
      "sha256": "13932597547c5fa4b1f82ee47d3b17ebd44d9d77b733d37728be75ce245b5ac2",
      "git_blob_sha1": "49120d5a65fcd747f07faa911e6130931223804e"
    },
    "tests/test_sampled_pilot.py": {
      "sha256": "9aaaf8e1f2120fff7d445b0f45c7a1d539bb663b259239c9f8d14175575362a2",
      "git_blob_sha1": "5dec44663ca741d383a8dce4a937a410013e31f9"
    },
    "tests/test_study.py": {
      "sha256": "b11050c3f75f2f8743912dd2393070e13b4ab31159c76b661994cc62f348fae9",
      "git_blob_sha1": "4a35f2676834eb1302e161ef8a1647af751bd367"
    },
    "tests/test_telemetry_audit.py": {
      "sha256": "1c426723bc2437c8bb74d1c023dcd48ca0a089b28aff48fb16148b6a21bf2978",
      "git_blob_sha1": "e83799036c07c8ace20e6d76dbfd7aaf55738f7a"
    },
    "references/upstream/AgentLaboratory-d9017d90e329112d2a80b7712f37ee9094d2cd27/.gitignore": {
      "sha256": "ff258351f2e19e200272248b92b883c1ff82e57a24ab9306bb6d18ffe7d2dbba",
      "git_blob_sha1": null
    },
    "references/upstream/AgentLaboratory-d9017d90e329112d2a80b7712f37ee9094d2cd27/LICENSE": {
      "sha256": "bf38a159d01e82d58f986c2d6dd06e03ba0b9cd59a6d286dd94109aac358e583",
      "git_blob_sha1": null
    },
    "references/upstream/AgentLaboratory-d9017d90e329112d2a80b7712f37ee9094d2cd27/README.md": {
      "sha256": "8e1d25ccec75959f18d9326656cba4cf041b7e45eb06a2c0d8999ef516a2edeb",
      "git_blob_sha1": null
    },
    "references/upstream/AgentLaboratory-d9017d90e329112d2a80b7712f37ee9094d2cd27/agents.py": {
      "sha256": "d8d1eda040eb1fa897d84596a1b36f277e83da75433c1a9ac2d9efe5be5c749a",
      "git_blob_sha1": null
    },
    "references/upstream/AgentLaboratory-d9017d90e329112d2a80b7712f37ee9094d2cd27/ai_lab_repo.py": {
      "sha256": "799a3c078d835cd632487f52ed5b8e9f155bb9514ca104a30442ecfbcb7765ff",
      "git_blob_sha1": null
    },
    "references/upstream/AgentLaboratory-d9017d90e329112d2a80b7712f37ee9094d2cd27/app.py": {
      "sha256": "3015bcf64679caa122eac01ba9afff1ab7736fe83385518017ec95f68b5b65ff",
      "git_blob_sha1": null
    },
    "references/upstream/AgentLaboratory-d9017d90e329112d2a80b7712f37ee9094d2cd27/common_imports.py": {
      "sha256": "620cdb11f91540f87dee2d61a413c5271ebc428485703b838441ef3f6f4c3e42",
      "git_blob_sha1": null
    },
    "references/upstream/AgentLaboratory-d9017d90e329112d2a80b7712f37ee9094d2cd27/experiment_configs/MATH_agentlab.yaml": {
      "sha256": "3c05ba7a537c4b990a324cc18af81d9b3f699c41cb63507e55027ccee7b779f4",
      "git_blob_sha1": null
    },
    "references/upstream/AgentLaboratory-d9017d90e329112d2a80b7712f37ee9094d2cd27/experiment_configs/MATH_agentrxiv.yaml": {
      "sha256": "38b593838daed217afb165d1bc5c26645ebfa24fe6c04376502ccbaa1cddbfad",
      "git_blob_sha1": null
    },
    "references/upstream/AgentLaboratory-d9017d90e329112d2a80b7712f37ee9094d2cd27/inference.py": {
      "sha256": "9f34099f0f1e7e548c7798887d9b33da6cfeef552d16e720fce343db423a5b2e",
      "git_blob_sha1": null
    },
    "references/upstream/AgentLaboratory-d9017d90e329112d2a80b7712f37ee9094d2cd27/media/AgentLab.png": {
      "sha256": "8c779332fc9da2a6a872ea5df7a9a8a0a3575a24799df1f2923c235a443b5a37",
      "git_blob_sha1": null
    },
    "references/upstream/AgentLaboratory-d9017d90e329112d2a80b7712f37ee9094d2cd27/media/AgentLabLogo.png": {
      "sha256": "aaa800396e829c5592e3b6ceef59e8fee9c57205e895b2b1cc78b4662df57451",
      "git_blob_sha1": null
    },
    "references/upstream/AgentLaboratory-d9017d90e329112d2a80b7712f37ee9094d2cd27/media/AgentLabWF.png": {
      "sha256": "2a5b19e31ca573d4a36ca47e66202f0a1e53192dbfc4385ed8bbf2e8a1144150",
      "git_blob_sha1": null
    },
    "references/upstream/AgentLaboratory-d9017d90e329112d2a80b7712f37ee9094d2cd27/media/agentrxiv.png": {
      "sha256": "64683b7e1c0f523527843b63a01135a1145c1116e2cf867139d3ecc61fd56ffa",
      "git_blob_sha1": null
    },
    "references/upstream/AgentLaboratory-d9017d90e329112d2a80b7712f37ee9094d2cd27/mlesolver.py": {
      "sha256": "cc110f2b07642532cca11bd8cbf74becfc41016c7f876c16f6d40379ec59882c",
      "git_blob_sha1": null
    },
    "references/upstream/AgentLaboratory-d9017d90e329112d2a80b7712f37ee9094d2cd27/papersolver.py": {
      "sha256": "8c16d68577570fbf6332d3f070e5aec975ed3fd3e1440918940f16eb8911366c",
      "git_blob_sha1": null
    },
    "references/upstream/AgentLaboratory-d9017d90e329112d2a80b7712f37ee9094d2cd27/readme/README-arabic.md": {
      "sha256": "4591174adc08404a3cd9d3aa3a29320c31fcfd9c3e12d15d62d1da1fe8141fec",
      "git_blob_sha1": null
    },
    "references/upstream/AgentLaboratory-d9017d90e329112d2a80b7712f37ee9094d2cd27/readme/README-bengali.md": {
      "sha256": "e843b1bf47fab932d360d5a0260a77fd7481dc4697d48e29b432c97fc16e4d93",
      "git_blob_sha1": null
    },
    "references/upstream/AgentLaboratory-d9017d90e329112d2a80b7712f37ee9094d2cd27/readme/README-chinese.md": {
      "sha256": "b7b2db2020de3bad1e1df5480ffe0ef6161c2a9f002561f0595e0ebefa511359",
      "git_blob_sha1": null
    },
    "references/upstream/AgentLaboratory-d9017d90e329112d2a80b7712f37ee9094d2cd27/readme/README-farsi.md": {
      "sha256": "83f8b864919150ae39adaa804796d9a2c1892c19fec70a845cafab3c07ddf3b1",
      "git_blob_sha1": null
    },
    "references/upstream/AgentLaboratory-d9017d90e329112d2a80b7712f37ee9094d2cd27/readme/README-filipino.md": {
      "sha256": "18b39e8e924db5075eec991da55a4164717bff2e9f72682f2bd3fbe3cc11cce7",
      "git_blob_sha1": null
    },
    "references/upstream/AgentLaboratory-d9017d90e329112d2a80b7712f37ee9094d2cd27/readme/README-french.md": {
      "sha256": "1e00dca6a8daf9388ea35efbb3fbe2e34a5691c499dfaa121f69d75f2d1f8afa",
      "git_blob_sha1": null
    },
    "references/upstream/AgentLaboratory-d9017d90e329112d2a80b7712f37ee9094d2cd27/readme/README-hindi.md": {
      "sha256": "7eb1603f6cecd0505c185b7f075d1b1bf54907f1894c6bbcfd8c27140edf85c7",
      "git_blob_sha1": null
    },
    "references/upstream/AgentLaboratory-d9017d90e329112d2a80b7712f37ee9094d2cd27/readme/README-italian.md": {
      "sha256": "2376242a73551f644e6858eef40731d16e9fd390c01ca4d5e054b0ad32e1ff24",
      "git_blob_sha1": null
    },
    "references/upstream/AgentLaboratory-d9017d90e329112d2a80b7712f37ee9094d2cd27/readme/README-japanese.md": {
      "sha256": "88dddf18c47cc745a24b29f9ede6a92749752c5a4cccc67f3cf2f36f02b0b86f",
      "git_blob_sha1": null
    },
    "references/upstream/AgentLaboratory-d9017d90e329112d2a80b7712f37ee9094d2cd27/readme/README-korean.md": {
      "sha256": "343d1953c93ed22dd15fcb954b2e0671567208c9122a07b31fee5747aa5314fe",
      "git_blob_sha1": null
    },
    "references/upstream/AgentLaboratory-d9017d90e329112d2a80b7712f37ee9094d2cd27/readme/README-portugues.md": {
      "sha256": "6da9206ff4e57620824eac65f983db2dcd475083d0559f83ae4fae4d59889e64",
      "git_blob_sha1": null
    },
    "references/upstream/AgentLaboratory-d9017d90e329112d2a80b7712f37ee9094d2cd27/readme/README-russian.md": {
      "sha256": "98fdad8de23cd27c2520e5bc6376f1f997820e36ce6aec8df793c55d4876cba5",
      "git_blob_sha1": null
    },
    "references/upstream/AgentLaboratory-d9017d90e329112d2a80b7712f37ee9094d2cd27/readme/README-slovak.md": {
      "sha256": "a4e32e77a08f3020f584f7dc253bb05cad74d5268f77b5078f5f79b5bfd429e3",
      "git_blob_sha1": null
    },
    "references/upstream/AgentLaboratory-d9017d90e329112d2a80b7712f37ee9094d2cd27/readme/README-spanish.md": {
      "sha256": "bbebd9a76658cfe5955c55792fdef1ca78b41c930e7270b288390f9bd2cb303f",
      "git_blob_sha1": null
    },
    "references/upstream/AgentLaboratory-d9017d90e329112d2a80b7712f37ee9094d2cd27/readme/README-turkish.md": {
      "sha256": "d692011134271fe5f494d76d17c7eee40e87640cbce68561719b750dbbab454a",
      "git_blob_sha1": null
    },
    "references/upstream/AgentLaboratory-d9017d90e329112d2a80b7712f37ee9094d2cd27/readme/README-vietnamese.md": {
      "sha256": "1d3b9bfac57e8e49a0392b9b68c47a3ea6185c0b2c7540d7aa620d0e3d41aa3e",
      "git_blob_sha1": null
    },
    "references/upstream/AgentLaboratory-d9017d90e329112d2a80b7712f37ee9094d2cd27/requirements.txt": {
      "sha256": "8c9f6a532faf44c83aafe64a2e00add6fa7db9757bdb954309bf9e474a68b390",
      "git_blob_sha1": null
    },
    "references/upstream/AgentLaboratory-d9017d90e329112d2a80b7712f37ee9094d2cd27/tools.py": {
      "sha256": "171b36dd2507add4acb3c4608d2acc5f9d9cd7bc4631264d23efd40c3c816d23",
      "git_blob_sha1": null
    },
    "references/upstream/AgentLaboratory-d9017d90e329112d2a80b7712f37ee9094d2cd27/utils.py": {
      "sha256": "ea23c00695613ab346ac6646f69dbf2b0972efda7c1cafeccd5ffdb4f5f439c8",
      "git_blob_sha1": null
    }
  }
}
