test_additional_raw_request_not_in_durable_trace_is_discovered (tests.test_historical_semantics.HistoricalResourceTests.test_additional_raw_request_not_in_durable_trace_is_discovered) ... ok
test_changed_raw_receipt_provider_source_settings_or_input_fail_closed (tests.test_historical_semantics.HistoricalResourceTests.test_changed_raw_receipt_provider_source_settings_or_input_fail_closed) ... ok
test_changed_snapshot_original_input_and_cpu_ledger_order_rejected (tests.test_historical_semantics.HistoricalResourceTests.test_changed_snapshot_original_input_and_cpu_ledger_order_rejected) ... ok
test_cpu_event_hash_chain_tamper_rejected_even_with_new_outer_link (tests.test_historical_semantics.HistoricalResourceTests.test_cpu_event_hash_chain_tamper_rejected_even_with_new_outer_link) ... ok
test_exact_prefix_excludes_current_request_and_links_actual_cpu (tests.test_historical_semantics.HistoricalResourceTests.test_exact_prefix_excludes_current_request_and_links_actual_cpu) ... ok
test_final_total_relabel_future_forecast_and_inference_rejected (tests.test_historical_semantics.HistoricalResourceTests.test_final_total_relabel_future_forecast_and_inference_rejected) ... ok
test_fractional_tokens_are_not_allowed_by_float_rounding_tolerance (tests.test_historical_semantics.HistoricalResourceTests.test_fractional_tokens_are_not_allowed_by_float_rounding_tolerance) ... ok
test_freshly_rehashed_wrong_provider_source_and_effort_rejected (tests.test_historical_semantics.HistoricalResourceTests.test_freshly_rehashed_wrong_provider_source_and_effort_rejected) ... ok
test_rehashed_nonoriginal_provider_serialization_is_not_original_input (tests.test_historical_semantics.HistoricalResourceTests.test_rehashed_nonoriginal_provider_serialization_is_not_original_input) ... ok
test_rehashed_shorter_resource_list_and_reversed_cpu_order_rejected (tests.test_historical_semantics.HistoricalResourceTests.test_rehashed_shorter_resource_list_and_reversed_cpu_order_rejected) ... ok
test_request_order_arbitrary_shorter_list_and_trace_hash_rejected (tests.test_historical_semantics.HistoricalResourceTests.test_request_order_arbitrary_shorter_list_and_trace_hash_rejected) ... ok
test_unknown_failed_tokens_remain_null_and_time_is_separate (tests.test_historical_semantics.HistoricalResourceTests.test_unknown_failed_tokens_remain_null_and_time_is_separate) ... ok
test_corpus_copy_does_not_verify_local_agent_reading_or_comprehension (tests.test_historical_semantics.ScopedLanguageTests.test_corpus_copy_does_not_verify_local_agent_reading_or_comprehension) ... ok
test_explicit_generalization_denials_and_future_test_are_nonresults (tests.test_historical_semantics.ScopedLanguageTests.test_explicit_generalization_denials_and_future_test_are_nonresults) ... ok
test_fixed_json_next_question_requires_its_exact_frozen_source (tests.test_historical_semantics.ScopedLanguageTests.test_fixed_json_next_question_requires_its_exact_frozen_source) ... ok
test_hypothesis_adjectival_prior_requires_actual_same_condition_baseline (tests.test_historical_semantics.ScopedLanguageTests.test_hypothesis_adjectival_prior_requires_actual_same_condition_baseline) ... ok
test_literature_negated_optimal_is_attribution_not_local_minimum (tests.test_historical_semantics.ScopedLanguageTests.test_literature_negated_optimal_is_attribution_not_local_minimum) ... ok
test_mixed_clause_unrelated_negative_and_future_cues_do_not_hide_results (tests.test_historical_semantics.ScopedLanguageTests.test_mixed_clause_unrelated_negative_and_future_cues_do_not_hide_results) ... ok
test_absolute_criterion_configuration_and_train_only_predicates (tests.test_report_semantics.SemanticReviewTests.test_absolute_criterion_configuration_and_train_only_predicates) ... ok
test_all_paragraphs_and_qualitative_assertions_audited_without_numbers (tests.test_report_semantics.SemanticReviewTests.test_all_paragraphs_and_qualitative_assertions_audited_without_numbers) ... ok
test_complete_history_required_for_best_and_counts_not_independent_replication (tests.test_report_semantics.SemanticReviewTests.test_complete_history_required_for_best_and_counts_not_independent_replication) ... ok
test_different_seed_comparison_and_wrong_direction_are_rejected (tests.test_report_semantics.SemanticReviewTests.test_different_seed_comparison_and_wrong_direction_are_rejected) ... ok
test_every_escaped_repeated_json_string_leaf_and_mixed_paragraph_is_bound (tests.test_report_semantics.SemanticReviewTests.test_every_escaped_repeated_json_string_leaf_and_mixed_paragraph_is_bound) ... ok
test_execution_success_does_not_support_comparative_improvement (tests.test_report_semantics.SemanticReviewTests.test_execution_success_does_not_support_comparative_improvement) ... ok
test_general_framework_causality_and_reproduction_fail_closed (tests.test_report_semantics.SemanticReviewTests.test_general_framework_causality_and_reproduction_fail_closed) ... ok
test_inventory_reconstruction_rejects_freshly_hashed_omission (tests.test_report_semantics.SemanticReviewTests.test_inventory_reconstruction_rejects_freshly_hashed_omission) ... ok
test_literature_is_attributed_and_conditional_inference_remains_tentative (tests.test_report_semantics.SemanticReviewTests.test_literature_is_attributed_and_conditional_inference_remains_tentative) ... ok
test_no_result_cue_cannot_bypass_review_and_candidate_review_is_immutable (tests.test_report_semantics.SemanticReviewTests.test_no_result_cue_cannot_bypass_review_and_candidate_review_is_immutable) ... ok
test_omitted_duplicate_unknown_units_and_false_complete_rejected (tests.test_report_semantics.SemanticReviewTests.test_omitted_duplicate_unknown_units_and_false_complete_rejected) ... ok
test_pending_then_complete_versions_preserve_history_and_new_pending_precedes (tests.test_report_semantics.SemanticReviewTests.test_pending_then_complete_versions_preserve_history_and_new_pending_precedes) ... ok
test_pending_unsupported_and_two_report_AND_gate (tests.test_report_semantics.SemanticReviewTests.test_pending_unsupported_and_two_report_AND_gate) ... ok
test_qualitative_json_key_is_an_actual_semantic_unit (tests.test_report_semantics.SemanticReviewTests.test_qualitative_json_key_is_an_actual_semantic_unit) ... ok
test_recognized_result_labels_irrelevant_negation_and_partial_spans_cannot_bypass (tests.test_report_semantics.SemanticReviewTests.test_recognized_result_labels_irrelevant_negation_and_partial_spans_cannot_bypass) ... ok
test_resource_predicate_recomputes_format_fixture_not_fictitious_claim (tests.test_report_semantics.SemanticReviewTests.test_resource_predicate_recomputes_format_fixture_not_fictitious_claim) ... ok
test_sources_role_spans_and_exhaustive_mapping_are_checked (tests.test_report_semantics.SemanticReviewTests.test_sources_role_spans_and_exhaustive_mapping_are_checked) ... ok

----------------------------------------------------------------------
Ran 35 tests in 10.633s

OK
