test_all_tokens_must_be_classified_in_same_complete_temporal_unit (test_historical_numeric.HistoricalNumericTests.test_all_tokens_must_be_classified_in_same_complete_temporal_unit) ... ok
test_bool_null_nonfinite_and_caller_fixture_flags_cannot_override_contract (test_historical_numeric.HistoricalNumericTests.test_bool_null_nonfinite_and_caller_fixture_flags_cannot_override_contract) ... ok
test_consistently_hashed_raw_guard_and_effort_substitution_fail_closed (test_historical_numeric.HistoricalNumericTests.test_consistently_hashed_raw_guard_and_effort_substitution_fail_closed) ... ok
test_correct_selected_number_cannot_hide_wrong_other_quantity (test_historical_numeric.HistoricalNumericTests.test_correct_selected_number_cannot_hide_wrong_other_quantity) ... ok
test_exact_zero_counts_and_synthetic_cpu_counts_are_bound_separately (test_historical_numeric.HistoricalNumericTests.test_exact_zero_counts_and_synthetic_cpu_counts_are_bound_separately) ... ok
test_missing_logical_or_orphan_original_request_is_not_a_fixture_positive (test_historical_numeric.HistoricalNumericTests.test_missing_logical_or_orphan_original_request_is_not_a_fixture_positive) ... ok
test_original_inventory_and_report_hash_cannot_be_replaced_or_shortened (test_historical_numeric.HistoricalNumericTests.test_original_inventory_and_report_hash_cannot_be_replaced_or_shortened) ... ok
test_plain_json_and_fenced_json_use_exact_original_unit_and_tokens (test_historical_numeric.HistoricalNumericTests.test_plain_json_and_fenced_json_use_exact_original_unit_and_tokens) ... ok
test_production_recompute_and_adjudication_cannot_promote_fixture_positive (test_historical_numeric.HistoricalNumericTests.test_production_recompute_and_adjudication_cannot_promote_fixture_positive) ... ok
test_rehashed_caller_actual_labels_still_fail_saved_review_recomputation (test_historical_numeric.HistoricalNumericTests.test_rehashed_caller_actual_labels_still_fail_saved_review_recomputation) ... ok
test_rounding_does_not_change_original_comparison_value (test_historical_numeric.HistoricalNumericTests.test_rounding_does_not_change_original_comparison_value) ... ok
test_same_b_c_original_prefix_and_every_token_have_nonactual_fixture_proof (test_historical_numeric.HistoricalNumericTests.test_same_b_c_original_prefix_and_every_token_have_nonactual_fixture_proof) ... ok
test_scope_laundering_compound_forecast_final_and_unsupported_precision_reject (test_historical_numeric.HistoricalNumericTests.test_scope_laundering_compound_forecast_final_and_unsupported_precision_reject) ... ok
test_target_and_future_totals_are_not_the_original_prefix (test_historical_numeric.HistoricalNumericTests.test_target_and_future_totals_are_not_the_original_prefix) ... ok
test_unknown_failed_usage_never_uses_zero_or_completed_lower_bound (test_historical_numeric.HistoricalNumericTests.test_unknown_failed_usage_never_uses_zero_or_completed_lower_bound) ... ok
test_all_fixture_aliases_propagate_and_malformed_metadata_rejects (test_semantic_evidence_c9.C9SemanticEvidenceTests.test_all_fixture_aliases_propagate_and_malformed_metadata_rejects) ... ok
test_attested_failed_usage_known_and_null_billing (test_semantic_evidence_c9.C9SemanticEvidenceTests.test_attested_failed_usage_known_and_null_billing) ... ok
test_common_original_proposal_authorship_nonresult_only (test_semantic_evidence_c9.C9SemanticEvidenceTests.test_common_original_proposal_authorship_nonresult_only) ... ok
test_exact_rationale_and_stop_fields_cannot_be_changed_or_supported_as_truth (test_semantic_evidence_c9.C9SemanticEvidenceTests.test_exact_rationale_and_stop_fields_cannot_be_changed_or_supported_as_truth) ... ok
test_future_prior_and_missing_field_cannot_enable_planning (test_semantic_evidence_c9.C9SemanticEvidenceTests.test_future_prior_and_missing_field_cannot_enable_planning) ... ok
test_incumbent_improvement_and_margin_boundary (test_semantic_evidence_c9.C9SemanticEvidenceTests.test_incumbent_improvement_and_margin_boundary) ... ok
test_incumbent_malformed_success_and_forecast_cannot_be_supported (test_semantic_evidence_c9.C9SemanticEvidenceTests.test_incumbent_malformed_success_and_forecast_cannot_be_supported) ... ok
test_incumbent_max_direction_and_absolute_threshold_both_apply (test_semantic_evidence_c9.C9SemanticEvidenceTests.test_incumbent_max_direction_and_absolute_threshold_both_apply) ... ok
test_incumbent_rejects_future_baseline_and_wrong_candidate_call (test_semantic_evidence_c9.C9SemanticEvidenceTests.test_incumbent_rejects_future_baseline_and_wrong_candidate_call) ... ok
test_incumbent_technical_failure_not_successful_execution (test_semantic_evidence_c9.C9SemanticEvidenceTests.test_incumbent_technical_failure_not_successful_execution) ... ok
test_incumbent_tie_strictly_rejected_and_execution_distinct (test_semantic_evidence_c9.C9SemanticEvidenceTests.test_incumbent_tie_strictly_rejected_and_execution_distinct) ... ok
test_incumbent_wrong_baseline_number_and_scope_rejected (test_semantic_evidence_c9.C9SemanticEvidenceTests.test_incumbent_wrong_baseline_number_and_scope_rejected) ... ok
test_knowledge_false_same_scalar_cannot_replace_raw_inventory (test_semantic_evidence_c9.C9SemanticEvidenceTests.test_knowledge_false_same_scalar_cannot_replace_raw_inventory) ... ok
test_knowledge_omitted_and_duplicate_request_rejected_after_rehash (test_semantic_evidence_c9.C9SemanticEvidenceTests.test_knowledge_omitted_and_duplicate_request_rejected_after_rehash) ... ok
test_knowledge_scope_and_boolean_types_strict (test_semantic_evidence_c9.C9SemanticEvidenceTests.test_knowledge_scope_and_boolean_types_strict) ... ok
test_original_completed_factual_result_does_not_become_planning (test_semantic_evidence_c9.C9SemanticEvidenceTests.test_original_completed_factual_result_does_not_become_planning) ... ok
test_original_proposal_cannot_truncate_factual_sentence (test_semantic_evidence_c9.C9SemanticEvidenceTests.test_original_proposal_cannot_truncate_factual_sentence) ... ok
test_original_proposal_phase_role_and_arm_transplants_rejected (test_semantic_evidence_c9.C9SemanticEvidenceTests.test_original_proposal_phase_role_and_arm_transplants_rejected) ... ok
test_original_proposal_wrong_response_and_duplicate_key_rejected (test_semantic_evidence_c9.C9SemanticEvidenceTests.test_original_proposal_wrong_response_and_duplicate_key_rejected) ... ok
test_planning_actual_prior_descriptor_requires_matching_source_bound_fit (test_semantic_evidence_c9.C9SemanticEvidenceTests.test_planning_actual_prior_descriptor_requires_matching_source_bound_fit) ... ok
test_production_cannot_activate_component_through_arguments_or_keyword (test_semantic_evidence_c9.C9SemanticEvidenceTests.test_production_cannot_activate_component_through_arguments_or_keyword) ... ok
test_resource_scalar_pointer_cannot_support_an_arbitrary_field (test_semantic_evidence_c9.C9SemanticEvidenceTests.test_resource_scalar_pointer_cannot_support_an_arbitrary_field) ... ok
test_unknown_failed_usage_not_zero_or_known (test_semantic_evidence_c9.C9SemanticEvidenceTests.test_unknown_failed_usage_not_zero_or_known) ... ok
test_whole_token_knowledge_both_arms_component_only (test_semantic_evidence_c9.C9SemanticEvidenceTests.test_whole_token_knowledge_both_arms_component_only) ... ok
test_boolean_flags_require_exact_bool_not_zero_one_or_null (test_saved_score_report_binding.SavedScoreReportBindingTests.test_boolean_flags_require_exact_bool_not_zero_one_or_null) ... ok
test_insufficient_original_cannot_flip_both_saved_flags_and_decision (test_saved_score_report_binding.SavedScoreReportBindingTests.test_insufficient_original_cannot_flip_both_saved_flags_and_decision) ... ok
test_missing_companion_review_cannot_promote_numeric_complete (test_saved_score_report_binding.SavedScoreReportBindingTests.test_missing_companion_review_cannot_promote_numeric_complete) ... ok
test_missing_output_receipt_cannot_guess_a_new_report_pair (test_saved_score_report_binding.SavedScoreReportBindingTests.test_missing_output_receipt_cannot_guess_a_new_report_pair) ... ok
test_original_report_flags_pass_component_gate_without_actual_adoption (test_saved_score_report_binding.SavedScoreReportBindingTests.test_original_report_flags_pass_component_gate_without_actual_adoption) ... ok
test_original_sufficient_report_cannot_be_downgraded_by_saved_flag (test_saved_score_report_binding.SavedScoreReportBindingTests.test_original_sufficient_report_cannot_be_downgraded_by_saved_flag) ... ok
test_reported_time_and_tokens_are_compared_to_original_audit_scope (test_saved_score_report_binding.SavedScoreReportBindingTests.test_reported_time_and_tokens_are_compared_to_original_audit_scope) ... ok
test_resource_sidecar_branch_recomputes_zero_request_fixture_and_report_flag (test_saved_score_report_binding.SavedScoreReportBindingTests.test_resource_sidecar_branch_recomputes_zero_request_fixture_and_report_flag) ... ok
test_two_unrelated_valid_reviews_do_not_cover_original_companion (test_saved_score_report_binding.SavedScoreReportBindingTests.test_two_unrelated_valid_reviews_do_not_cover_original_companion) ... ok
test_unknown_usage_cannot_be_companion_zero_known_even_with_consistent_hashes (test_saved_score_report_binding.SavedScoreReportBindingTests.test_unknown_usage_cannot_be_companion_zero_known_even_with_consistent_hashes) ... ok
test_later_companion_review_cannot_upgrade_an_immutable_pending_snapshot (test_saved_semantic_report_binding.SavedSemanticReportBindingTests.test_later_companion_review_cannot_upgrade_an_immutable_pending_snapshot) ... ok
test_missing_companion_stays_incomplete_instead_of_becoming_a_pass (test_saved_semantic_report_binding.SavedSemanticReportBindingTests.test_missing_companion_stays_incomplete_instead_of_becoming_a_pass) ... ok
test_original_primary_and_companion_snapshot_reconstructs_without_actual_promotion (test_saved_semantic_report_binding.SavedSemanticReportBindingTests.test_original_primary_and_companion_snapshot_reconstructs_without_actual_promotion) ... ok
test_two_authentic_reviews_cannot_substitute_unrelated_report_for_original_companion (test_saved_semantic_report_binding.SavedSemanticReportBindingTests.test_two_authentic_reviews_cannot_substitute_unrelated_report_for_original_companion) ... ok
test_cache_annotations_reject_bool_like_values (test_callback_response_evidence.CallbackResponseEvidenceTests.test_cache_annotations_reject_bool_like_values) ... ok
test_empty_pending_snapshot_cannot_substitute_identical_companion_path (test_callback_response_evidence.CallbackResponseEvidenceTests.test_empty_pending_snapshot_cannot_substitute_identical_companion_path) ... ok
test_fresh_exact_response_is_hash_bound_without_modifying_original (test_callback_response_evidence.CallbackResponseEvidenceTests.test_fresh_exact_response_is_hash_bound_without_modifying_original) ... ok
test_identical_receipt_copy_is_not_the_native_output_receipt (test_callback_response_evidence.CallbackResponseEvidenceTests.test_identical_receipt_copy_is_not_the_native_output_receipt) ... ok
test_known_cached_bool_annotations_do_not_redefine_original_output_identity (test_callback_response_evidence.CallbackResponseEvidenceTests.test_known_cached_bool_annotations_do_not_redefine_original_output_identity) ... ok
test_missing_original_response_evidence_fails_closed (test_callback_response_evidence.CallbackResponseEvidenceTests.test_missing_original_response_evidence_fails_closed) ... ok
test_parsed_equal_but_byte_changed_receipt_still_fails_original_hash (test_callback_response_evidence.CallbackResponseEvidenceTests.test_parsed_equal_but_byte_changed_receipt_still_fails_original_hash) ... ok
test_returned_model_resource_and_report_fields_cannot_diverge_from_original (test_callback_response_evidence.CallbackResponseEvidenceTests.test_returned_model_resource_and_report_fields_cannot_diverge_from_original) ... ok
test_decimal_display_ignores_ambient_rounding_mode (test_reporting_contract_integration.ReportingContractIntegrationTests.test_decimal_display_ignores_ambient_rounding_mode) ... ok
test_display_interoperates_with_fixed_temporal_parser_and_rounding (test_reporting_contract_integration.ReportingContractIntegrationTests.test_display_interoperates_with_fixed_temporal_parser_and_rounding) ... ok
test_fixture_or_unknown_numeric_counters_cannot_be_passed (test_reporting_contract_integration.ReportingContractIntegrationTests.test_fixture_or_unknown_numeric_counters_cannot_be_passed) ... ok
test_inconclusive_without_reason_does_not_become_a_failed_criterion (test_reporting_contract_integration.ReportingContractIntegrationTests.test_inconclusive_without_reason_does_not_become_a_failed_criterion) ... ok
test_incumbent_tie_reports_rejection_after_successful_execution (test_reporting_contract_integration.ReportingContractIntegrationTests.test_incumbent_tie_reports_rejection_after_successful_execution) ... ok
test_malformed_counts_times_and_absent_original_measures_reject (test_reporting_contract_integration.ReportingContractIntegrationTests.test_malformed_counts_times_and_absent_original_measures_reject) ... ok
test_metadata_only_terminal_rejection_differs_from_missing_review (test_reporting_contract_integration.ReportingContractIntegrationTests.test_metadata_only_terminal_rejection_differs_from_missing_review) ... ok
test_technical_error_is_retained_without_claiming_success (test_reporting_contract_integration.ReportingContractIntegrationTests.test_technical_error_is_retained_without_claiming_success) ... ok
test_unknown_failed_usage_never_becomes_zero_or_completed_lower_bound (test_reporting_contract_integration.ReportingContractIntegrationTests.test_unknown_failed_usage_never_becomes_zero_or_completed_lower_bound) ... ok
test_whole_arm_or_forecast_is_not_historical_display (test_reporting_contract_integration.ReportingContractIntegrationTests.test_whole_arm_or_forecast_is_not_historical_display) ... ok
test_changed_effort_rejects_before_capture (test_callback_context_handoff.CallbackHandoffTests.test_changed_effort_rejects_before_capture) ... ok
test_changed_envelope_rejects_before_capture (test_callback_context_handoff.CallbackHandoffTests.test_changed_envelope_rejects_before_capture) ... ok
test_changed_implementation_rejects_before_capture (test_callback_context_handoff.CallbackHandoffTests.test_changed_implementation_rejects_before_capture) ... ok
test_changed_model_rejects_before_capture (test_callback_context_handoff.CallbackHandoffTests.test_changed_model_rejects_before_capture) ... ok
test_changed_public_bundle_rejects_before_capture (test_callback_context_handoff.CallbackHandoffTests.test_changed_public_bundle_rejects_before_capture) ... ok
test_missing_envelope_rejects_before_capture (test_callback_context_handoff.CallbackHandoffTests.test_missing_envelope_rejects_before_capture) ... ok
test_missing_explicit_effort_rejects_before_capture (test_callback_context_handoff.CallbackHandoffTests.test_missing_explicit_effort_rejects_before_capture) ... ok
test_missing_model_rejects_before_capture (test_callback_context_handoff.CallbackHandoffTests.test_missing_model_rejects_before_capture) ... ok
test_native_b_c_writers_recorder_auditor_same_conditions (test_callback_context_handoff.CallbackHandoffTests.test_native_b_c_writers_recorder_auditor_same_conditions) ... ok
test_provider_effort_and_model_checked_before_capture (test_callback_context_handoff.CallbackHandoffTests.test_provider_effort_and_model_checked_before_capture) ... ok
test_receipt_tamper_after_constructor_rejects_without_provider_request (test_callback_context_handoff.CallbackHandoffTests.test_receipt_tamper_after_constructor_rejects_without_provider_request) ... ok
test_rehashed_callback_and_local_binding_cannot_replace_original_raw_conditions (test_callback_context_handoff.CallbackHandoffTests.test_rehashed_callback_and_local_binding_cannot_replace_original_raw_conditions) ... ok
test_v7_missing_two_field_shape_rejects (test_callback_context_handoff.CallbackHandoffTests.test_v7_missing_two_field_shape_rejects) ... ok
test_audit_checks_public_rows_even_if_local_binding_is_wholly_rewritten (test_context_original_binding.OriginalBindingTests.test_audit_checks_public_rows_even_if_local_binding_is_wholly_rewritten) ... ok
test_changed_original_binding_blocks_a_later_capture_without_provider_packet (test_context_original_binding.OriginalBindingTests.test_changed_original_binding_blocks_a_later_capture_without_provider_packet) ... ok
test_every_prefix_input_must_reference_the_original_binding (test_context_original_binding.OriginalBindingTests.test_every_prefix_input_must_reference_the_original_binding) ... ok
test_exact_opaque_marker_requires_original_qualification_not_a_later_raw_alias (test_context_original_binding.OriginalBindingTests.test_exact_opaque_marker_requires_original_qualification_not_a_later_raw_alias) ... ok
test_incomplete_explicit_bundle_cannot_use_the_legacy_path (test_context_original_binding.OriginalBindingTests.test_incomplete_explicit_bundle_cannot_use_the_legacy_path) ... ok
test_legacy_no_bundle_does_not_generate_owner_or_task_rows (test_context_original_binding.OriginalBindingTests.test_legacy_no_bundle_does_not_generate_owner_or_task_rows) ... ok
test_marker_extra_rows_or_unknown_shape_cannot_avoid_public_bundle_validation (test_context_original_binding.OriginalBindingTests.test_marker_extra_rows_or_unknown_shape_cannot_avoid_public_bundle_validation) ... ok
test_model_and_resource_joint_rehash_cannot_replace_original_binding (test_context_original_binding.OriginalBindingTests.test_model_and_resource_joint_rehash_cannot_replace_original_binding) ... ok
test_old_schema_is_not_relabelled_as_a_new_original_binding (test_context_original_binding.OriginalBindingTests.test_old_schema_is_not_relabelled_as_a_new_original_binding) ... ok
test_original_binding_missing_is_not_reconstructed_from_boundary (test_context_original_binding.OriginalBindingTests.test_original_binding_missing_is_not_reconstructed_from_boundary) ... ok
test_original_binding_raw_mutation_invalidates_original_capture_link (test_context_original_binding.OriginalBindingTests.test_original_binding_raw_mutation_invalidates_original_capture_link) ... ok
test_qualified_opaque_marker_stays_nonactual (test_context_original_binding.OriginalBindingTests.test_qualified_opaque_marker_stays_nonactual) ... ok
test_registration_and_boundary_rehash_cannot_replace_original_task_conditions (test_context_original_binding.OriginalBindingTests.test_registration_and_boundary_rehash_cannot_replace_original_task_conditions) ... ok
test_rehashed_binding_file_cannot_change_its_complete_original_value (test_context_original_binding.OriginalBindingTests.test_rehashed_binding_file_cannot_change_its_complete_original_value) ... ok
test_rows_ids_counts_and_identity_are_checked_before_capture (test_context_original_binding.OriginalBindingTests.test_rows_ids_counts_and_identity_are_checked_before_capture) ... ok
test_same_value_binding_copy_is_not_its_original_location (test_context_original_binding.OriginalBindingTests.test_same_value_binding_copy_is_not_its_original_location) ... ok
test_valid_explicit_b_c_prefix_keeps_facts_and_original_binding_evidence (test_context_original_binding.OriginalBindingTests.test_valid_explicit_b_c_prefix_keeps_facts_and_original_binding_evidence) ... ok

----------------------------------------------------------------------
Ran 101 tests in 27.311s

OK
