test_original_initial_phase_known_failure_reconstructs_without_repeating_completion (tests.test_baseline_transport_integration.BaselineTransportIntegrationTests.test_original_initial_phase_known_failure_reconstructs_without_repeating_completion) ... ok
test_original_mle_model_cpu_model_tail_preserves_exact_host_output (tests.test_baseline_transport_integration.BaselineTransportIntegrationTests.test_original_mle_model_cpu_model_tail_preserves_exact_host_output) ... ok
test_original_phase_checkpoint_restores_agents_and_cached_midphase_tail (tests.test_baseline_transport_integration.BaselineTransportIntegrationTests.test_original_phase_checkpoint_restores_agents_and_cached_midphase_tail) ... ok
test_pinned_mle_stable_invalid_prompt_consumes_each_cached_receipt_once (tests.test_baseline_transport_integration.BaselineTransportIntegrationTests.test_pinned_mle_stable_invalid_prompt_consumes_each_cached_receipt_once) ... ok
test_actual_cpu_memory_compaction_retains_criteria_and_original_hashes (tests.test_context_compaction.CompactContextTests.test_actual_cpu_memory_compaction_retains_criteria_and_original_hashes) ... ok
test_callback_injects_registered_corpus_once_and_separate_cost_observation (tests.test_context_compaction.CompactContextTests.test_callback_injects_registered_corpus_once_and_separate_cost_observation) ... ok
test_cpu_budget_exhaustion_is_distinct_and_completed_replay_works (tests.test_context_compaction.CompactContextTests.test_cpu_budget_exhaustion_is_distinct_and_completed_replay_works) ... ok
test_duplicate_ids_and_urls_cannot_inflate_literature_count (tests.test_context_compaction.CompactContextTests.test_duplicate_ids_and_urls_cannot_inflate_literature_count) ... ok
test_explicit_failed_hypothesis_retry_is_not_runtime_error_recovery (tests.test_context_compaction.CompactContextTests.test_explicit_failed_hypothesis_retry_is_not_runtime_error_recovery) ... ok
test_host_review_checks_distinct_sources_without_claiming_full_paper_read (tests.test_context_compaction.CompactContextTests.test_host_review_checks_distinct_sources_without_claiming_full_paper_read) ... ok
test_model_budget_does_not_call_provider_and_identical_cache_replays (tests.test_context_compaction.CompactContextTests.test_model_budget_does_not_call_provider_and_identical_cache_replays) ... ok
test_raw_resource_unknown_failure_and_simulation_usage_are_not_zero_cost (tests.test_context_compaction.CompactContextTests.test_raw_resource_unknown_failure_and_simulation_usage_are_not_zero_cost) ... ok
test_recovery_count_excludes_failed_hypotheses_and_duplicates (tests.test_context_compaction.CompactContextTests.test_recovery_count_excludes_failed_hypotheses_and_duplicates) ... ok
test_registered_five_record_snapshot_is_authoritative_and_detached (tests.test_context_compaction.CompactContextTests.test_registered_five_record_snapshot_is_authoritative_and_detached) ... ok
test_upstream_receives_actual_registered_snapshot_and_preserves_budget_type (tests.test_context_compaction.CompactContextTests.test_upstream_receives_actual_registered_snapshot_and_preserves_budget_type) ... ok
test_actual_checkpoint_wrapper_prefix_rng_and_stale_reconstruction (tests.test_checkpoint_replay.CheckpointReplayTests.test_actual_checkpoint_wrapper_prefix_rng_and_stale_reconstruction) ... ok
test_checkpoint_raw_pickle_alone_and_torn_stage_do_not_replace_committed_head (tests.test_checkpoint_replay.CheckpointReplayTests.test_checkpoint_raw_pickle_alone_and_torn_stage_do_not_replace_committed_head) ... ok
test_committed_cpu_prefix_does_not_replay_into_new_logical_cpu_call (tests.test_checkpoint_replay.CheckpointReplayTests.test_committed_cpu_prefix_does_not_replay_into_new_logical_cpu_call) ... ok
test_committed_prefix_same_prompt_is_a_fresh_logical_request (tests.test_checkpoint_replay.CheckpointReplayTests.test_committed_prefix_same_prompt_is_a_fresh_logical_request) ... ok
test_cpu_completed_without_logical_reply_requires_reconciliation (tests.test_checkpoint_replay.CheckpointReplayTests.test_cpu_completed_without_logical_reply_requires_reconciliation) ... ok
test_definitive_failure_does_not_authorize_a_different_logical_request (tests.test_checkpoint_replay.CheckpointReplayTests.test_definitive_failure_does_not_authorize_a_different_logical_request) ... ok
test_definitive_no_action_failure_retries_same_logical_request_and_counts_attempt (tests.test_checkpoint_replay.CheckpointReplayTests.test_definitive_no_action_failure_retries_same_logical_request_and_counts_attempt) ... ok
test_host_abort_escapes_original_reward_exception_handler_and_stays_failed (tests.test_checkpoint_replay.CheckpointReplayTests.test_host_abort_escapes_original_reward_exception_handler_and_stays_failed) ... ok
test_initial_reconstruction_preserves_identical_prompt_multiplicity (tests.test_checkpoint_replay.CheckpointReplayTests.test_initial_reconstruction_preserves_identical_prompt_multiplicity) ... ok
test_model_cpu_model_tail_replays_exact_original_response (tests.test_checkpoint_replay.CheckpointReplayTests.test_model_cpu_model_tail_replays_exact_original_response) ... ok
test_partial_model_logical_ledger_cannot_repeat_an_orphan_completion (tests.test_checkpoint_replay.CheckpointReplayTests.test_partial_model_logical_ledger_cannot_repeat_an_orphan_completion) ... ok
test_same_literal_with_changed_execution_conditions_cannot_replay_or_execute (tests.test_checkpoint_replay.CheckpointReplayTests.test_same_literal_with_changed_execution_conditions_cannot_replay_or_execute) ... ok
test_stale_checkpoint_replays_tail_once_then_same_prompt_is_fresh (tests.test_checkpoint_replay.CheckpointReplayTests.test_stale_checkpoint_replays_tail_once_then_same_prompt_is_fresh) ... ok
test_tail_role_phase_hostordinal_and_prompt_mismatches_fail_closed (tests.test_checkpoint_replay.CheckpointReplayTests.test_tail_role_phase_hostordinal_and_prompt_mismatches_fail_closed) ... ok

----------------------------------------------------------------------
Ran 29 tests in 4.565s

OK
